[ras-it.rs/index.html]
[ras-it.rs/xmlrpc.php]
[ras-it.rs/wp-content/uploads/2018/07/thumbnail-2.png]
[backblue.gif]
[fade.gif]
[index.html]
[ajax.googleapis.com/ajax/libs/webfont/1.5.3/webfont.js]
[ras-it.rs/wp-content/plugins/essential-grid/public/assets/css/settings4d6b.css]
[ras-it.rs/amp/index.html]
[ras-it.rs/feed/index.html]
[ras-it.rs/comments/feed/index.html]
[ras-it.rs/wp-content/plugins/revslider/public/assets/css/settings26ce.css]
[ras-it.rs/wp-content/themes/mf/assets/css/style5152.css]
[ras-it.rs/wp-content/themes/mf/style5152.css]
[ras-it.rs/wp-content/themes/mf/assets/css/animate8a54.css]
[ras-it.rs/wp-content/themes/mf/assets/css/helper-elements8a54.css]
[ras-it.rs/wp-content/themes/mf/assets/css/color/custom-color8a54.php]
[ras-it.rs/wp-content/themes/mf/assets/css/menu8a54.css]
[ras-it.rs/wp-content/themes/mf/assets/css/woocommerce8a54.css]
[ras-it.rs/wp-content/plugins/js_composer/assets/lib/bower/font-awesome/css/font-awesome.min8b06.css]
[ras-it.rs/wp-content/themes/mf/assets/css/bootstrap8a54.css]
[ras-it.rs/wp-content/plugins/js_composer/assets/css/js_composer.min8b06.css]
[ras-it.rs/wp-content/plugins/mpc-massive/assets/css/mpc-styles37cb.css]
[ras-it.rs/wp-content/plugins/the-grid/frontend/assets/css/the-grid.min55a8.css]
[ras-it.rs/wp-includes/js/jquery/jqueryb8ff.js]
[ras-it.rs/wp-includes/js/jquery/jquery-migrate.min330a.js]
[ras-it.rs/wp-content/plugins/essential-grid/public/assets/js/lightbox4d6b.js]
[ras-it.rs/wp-content/plugins/essential-grid/public/assets/js/jquery.themepunch.tools.min4d6b.js]
[ras-it.rs/wp-content/plugins/revslider/public/assets/js/jquery.themepunch.revolution.min26ce.js]
[ras-it.rs/xmlrpc0db0.php]
[ras-it.rs/wp-json/index.html]
[ras-it.rs/wp-includes/wlwmanifest.xml]
[ras-it.rs/wp-json/oembed/1.0/embeda1f5]
[ras-it.rs/wp-json/oembed/1.0/embede636]
[ras-it.rs/wp-content/uploads/2018/07/ras-it-logo-za-sajt-manji.png]
[ras-it.rs/wp-content/uploads/2018/07/rasit-hero-2.png]
[ras-it.rs/wp-content/uploads/2018/07/services-1024x639.png]
[ras-it.rs/wp-content/uploads/2018/07/soge.png]
[ras-it.rs/wp-content/uploads/2018/07/otp3.png]
[ras-it.rs/wp-content/uploads/2018/07/hemofarm2.png]
[ras-it.rs/services/penetration-testing/index.html]
[ras-it.rs/wp-content/uploads/2018/07/telekom2.png]
[ras-it.rs/wp-content/uploads/2018/07/mts.png]
[ras-it.rs/wp-content/uploads/2018/07/grad.png]
[ras-it.rs/services/vulnerability-assessment/index.html]
[ras-it.rs/wp-content/uploads/2018/07/approach-1-1024x639.png]
[ras-it.rs/services/digital-forensics/index.html]
[ras-it.rs/services/index.html]
[ras-it.rs/cdn-cgi/l/email-protection.html]
[ras-it.rs/about-us/index.html]
[ras-it.rs/resources/index.html]
[ras-it.rs/cdn-cgi/scripts/5c5dd728/cloudflare-static/email-decode.min.js]
[ras-it.rs/wp-content/plugins/mpc-massive/assets/css/libs/slick.min37cb.css]
[ras-it.rs/contact/index.html]
[ras-it.rs/terms-and-conditions/index.html]
[ras-it.rs/wp-content/plugins/mpc-massive/assets/fonts/etl/etl.minb6db.css]
[ras-it.rs/wp-content/plugins/mpc-massive/assets/fonts/el/el.minb6db.css]
[ras-it.rs/wp-content/plugins/mpc-massive/assets/fonts/mi/mi.minb6db.css]
[ras-it.rs/wp-content/themes/mf/assets/js/jquery.main11a8.js]
[ras-it.rs/wp-content/themes/mf/assets/js/controller0da9.js]
[ras-it.rs/wp-content/themes/mf/assets/js/jquery-ui0da9.js]
[ras-it.rs/wp-content/themes/mf/assets/js/plugins0da9.js]
[ras-it.rs/wp-content/themes/mf/assets/js/mf-app0da9.js]
[ras-it.rs/wp-content/themes/mf/assets/js/bootstrap.min945b.js]
[ras-it.rs/wp-content/plugins/mpc-massive/assets/js/mpc-vendor.minb6db.js]
[ras-it.rs/wp-content/plugins/mpc-massive/assets/js/mpc-scripts.minb6db.js]
[ras-it.rs/wp-includes/js/jquery/ui/effect.mine899.js]
[ras-it.rs/wp-content/plugins/the-grid/frontend/assets/js/the-grid.min55a8.js]
[ras-it.rs/wp-includes/js/wp-embed.min37cb.js]
[ras-it.rs/wp-content/plugins/js_composer/assets/js/dist/js_composer_front.min8b06.js]
[ras-it.rs/wp-content/plugins/mpc-massive/assets/js/libs/slick.min37cb.js]
[ras-it.rs/index.html]
[ras-it.rs/xmlrpc.html]
[ajax.cloudflare.com/cdn-cgi/scripts/7089c43e/cloudflare-static/rocket-loader.min.js]
[cdn.ampproject.org/v0/amp-accordion-0.1.js]
[cdn.ampproject.org/v0/amp-analytics-0.1.js]
[cdn.ampproject.org/v0/amp-form-0.1.js]
[cdn.ampproject.org/v0.js]
[ras-it.rs/wp-content/plugins/accelerated-mobile-pages/templates/design-manager/swift/fonts/Poppins-Light.ttf]
[ras-it.rs/wp-content/plugins/accelerated-mobile-pages/templates/design-manager/swift/fonts/Poppins-Regular.ttf]
[ras-it.rs/wp-content/plugins/accelerated-mobile-pages/templates/design-manager/swift/fonts/Poppins-Medium.ttf]
[ras-it.rs/wp-content/plugins/accelerated-mobile-pages/templates/design-manager/swift/fonts/Poppins-SemiBold.ttf]
[ras-it.rs/wp-content/plugins/accelerated-mobile-pages/templates/design-manager/swift/fonts/Poppins-Bold.ttf]
[ras-it.rs/wp-content/plugins/accelerated-mobile-pages/templates/design-manager/swift/fonts/icomoon.ttf]
[ras-it.rs/amp/index.html]
[ras-it.rs/feed/index.html]
[ras-it.rs/comments/feed/index.html]
[ras-it.rs/wp-content/plugins/essential-grid/public/assets/images/ajax-loader.gif]
[ras-it.rs/wp-content/plugins/essential-grid/public/assets/images/loader.gif]
[ras-it.rs/wp-content/plugins/essential-grid/public/assets/font/egfontdde9.eot]
[ras-it.rs/wp-content/plugins/essential-grid/public/assets/font/egfontdde9.woff]
[ras-it.rs/wp-content/plugins/essential-grid/public/assets/font/egfontdde9.ttf]
[ras-it.rs/wp-content/plugins/essential-grid/public/assets/css/settings4d6b.css]
[ras-it.rs/wp-content/plugins/essential-grid/public/assets/font/egfontdde9.svg]
[ras-it.rs/wp-content/plugins/revslider/public/assets/fonts/revicons/revicons90c6.eot]
[ras-it.rs/wp-content/plugins/revslider/public/assets/fonts/revicons/revicons90c6.woff]
[ras-it.rs/wp-content/plugins/revslider/public/assets/fonts/revicons/revicons90c6.ttf]
[ras-it.rs/wp-content/plugins/revslider/public/assets/fonts/revicons/revicons90c6.svg]
[ras-it.rs/wp-content/plugins/revslider/public/assets/css/openhand.cur]
[ras-it.rs/wp-content/plugins/revslider/public/assets/css/closedhand.cur]
[ras-it.rs/wp-content/plugins/revslider/public/assets/assets/gridtile.png]
[ras-it.rs/wp-content/plugins/revslider/public/assets/assets/gridtile_white.png]
[ras-it.rs/wp-content/plugins/revslider/public/assets/assets/gridtile_3x3.png]
[ras-it.rs/wp-content/plugins/revslider/public/assets/assets/gridtile_3x3_white.png]
[ras-it.rs/wp-content/plugins/revslider/public/assets/assets/coloredbg.png]
[ras-it.rs/wp-content/plugins/revslider/public/assets/assets/loader.gif]
[ras-it.rs/wp-content/plugins/revslider/public/assets/css/settings26ce.css]
[ras-it.rs/wp-content/themes/mf/assets/css/images/icons/icon1.png]
[ras-it.rs/wp-content/themes/mf/assets/images/pattren01.png]
[ras-it.rs/wp-content/themes/mf/assets/images/icons/map.png]
[ras-it.rs/wp-content/themes/mf/assets/images/icons/pattern01.jpg]
[ras-it.rs/wp-content/themes/mf/assets/images/icons/icon2.png]
[ras-it.rs/wp-content/themes/mf/assets/css/style5152.css]
[ras-it.rs/wp-content/themes/mf/style5152.css]
[ras-it.rs/wp-content/themes/mf/assets/css/animate8a54.css]
[ras-it.rs/wp-content/themes/mf/assets/fonts/fontello1e95.eot]
[ras-it.rs/wp-content/themes/mf/assets/fonts/fontello1e95.woff2]
[ras-it.rs/wp-content/themes/mf/assets/fonts/fontello1e95.woff]
[ras-it.rs/wp-content/themes/mf/assets/fonts/fontello1e95.ttf]
[ras-it.rs/wp-content/themes/mf/assets/fonts/fontello1e95.svg]
[ras-it.rs/wp-content/themes/mf/assets/images/icons/pattern02.jpg]
[ras-it.rs/wp-content/themes/mf/assets/images/icons/pattern03.jpg]
[ras-it.rs/wp-content/themes/mf/assets/images/icons/iconCaution.png]
[ras-it.rs/wp-content/themes/mf/assets/images/icons/loading.gif]
[ras-it.rs/wp-content/themes/mf/assets/css/helper-elements8a54.css]
[ras-it.rs/wp-content/themes/mf/assets/img/menu.png]
[ras-it.rs/wp-content/themes/mf/assets/img/close.png]
[ras-it.rs/wp-content/themes/mf/assets/img/close_white.png]
[ras-it.rs/wp-content/themes/mf/assets/img/cart.png]
[ras-it.rs/wp-content/themes/mf/assets/img/search.png]
[ras-it.rs/wp-content/themes/mf/assets/img/close@2.png]
[ras-it.rs/wp-content/themes/mf/assets/img/close_white@2.png]
[ras-it.rs/wp-content/themes/mf/assets/img/gotop_icon@2.png]
[ras-it.rs/wp-content/themes/mf/assets/img/plus@2.png]
[ras-it.rs/wp-content/themes/mf/assets/img/arrow_left@2.png]
[ras-it.rs/wp-content/themes/mf/assets/img/arrow_right@2.png]
[ras-it.rs/wp-content/themes/mf/assets/img/arrow_left_white@2.png]
[ras-it.rs/wp-content/themes/mf/assets/img/arrow_right_white@2.png]
[ras-it.rs/wp-content/themes/mf/assets/img/search@2.png]
[ras-it.rs/wp-content/themes/mf/assets/img/menu@2.png]
[ras-it.rs/wp-content/themes/mf/assets/img/search_white@2.png]
[ras-it.rs/wp-content/themes/mf/assets/css/fonts/icomoon.eot]
[ras-it.rs/wp-content/themes/mf/assets/css/fonts/icomoond41d.eot]
[ras-it.rs/wp-content/themes/mf/assets/css/fonts/icomoon.woff]
[ras-it.rs/wp-content/themes/mf/assets/css/fonts/icomoon.ttf]
[ras-it.rs/wp-content/themes/mf/assets/css/menu8a54.css]
[ras-it.rs/wp-content/themes/mf/assets/css/woocommerce8a54.css]
[ras-it.rs/wp-content/themes/mf/assets/css/fonts/icomoon.svg]
[ras-it.rs/wp-content/plugins/js_composer/assets/lib/bower/font-awesome/fonts/fontawesome-webfont3e6e.eot]
[ras-it.rs/wp-content/plugins/js_composer/assets/lib/bower/font-awesome/fonts/fontawesome-webfont.eot]
[ras-it.rs/wp-content/plugins/js_composer/assets/lib/bower/font-awesome/fonts/fontawesome-webfont3e6e.woff2]
[ras-it.rs/wp-content/plugins/js_composer/assets/lib/bower/font-awesome/fonts/fontawesome-webfont3e6e.woff]
[ras-it.rs/wp-content/plugins/js_composer/assets/lib/bower/font-awesome/fonts/fontawesome-webfont3e6e.ttf]
[ras-it.rs/wp-content/plugins/js_composer/assets/lib/bower/font-awesome/css/font-awesome.min8b06.css]
[ras-it.rs/wp-content/themes/mf/assets/fonts/bootstrap/glyphicons-halflings-regular.eot]
[ras-it.rs/wp-content/themes/mf/assets/fonts/bootstrap/glyphicons-halflings-regular.woff2]
[ras-it.rs/wp-content/themes/mf/assets/fonts/bootstrap/glyphicons-halflings-regular.woff]
[ras-it.rs/wp-content/plugins/js_composer/assets/lib/bower/font-awesome/fonts/fontawesome-webfont3e6e.svg]
[ras-it.rs/wp-content/themes/mf/assets/fonts/bootstrap/glyphicons-halflings-regular.ttf]
[ras-it.rs/wp-content/themes/mf/assets/fonts/bootstrap/glyphicons-halflings-regular.svg]
[ras-it.rs/wp-content/themes/mf/assets/css/bootstrap8a54.css]
[ras-it.rs/wp-content/plugins/js_composer/assets/vc/alert.png]
[ras-it.rs/wp-content/plugins/js_composer/assets/vc/info.png]
[ras-it.rs/wp-content/plugins/js_composer/assets/vc/tick.png]
[ras-it.rs/wp-content/plugins/js_composer/assets/vc/exclamation.png]
[ras-it.rs/wp-content/plugins/js_composer/assets/images/icons/address-book.png]
[ras-it.rs/wp-content/plugins/js_composer/assets/images/icons/alarm-clock.png]
[ras-it.rs/wp-content/plugins/js_composer/assets/images/icons/anchor.png]
[ras-it.rs/wp-content/plugins/js_composer/assets/images/icons/application-image.png]
[ras-it.rs/wp-content/plugins/js_composer/assets/images/icons/arrow.png]
[ras-it.rs/wp-content/plugins/js_composer/assets/images/icons/asterisk.png]
[ras-it.rs/wp-content/plugins/js_composer/assets/images/icons/auction-hammer.png]
[ras-it.rs/wp-content/plugins/js_composer/assets/images/icons/balloon.png]
[ras-it.rs/wp-content/plugins/js_composer/assets/images/icons/balloon-buzz.png]
[ras-it.rs/wp-content/plugins/js_composer/assets/images/icons/balloon-facebook.png]
[ras-it.rs/wp-content/plugins/js_composer/assets/images/icons/balloon-twitter.png]
[ras-it.rs/wp-content/plugins/js_composer/assets/images/icons/battery-full.png]
[ras-it.rs/wp-content/plugins/js_composer/assets/images/icons/binocular.png]
[ras-it.rs/wp-content/plugins/js_composer/assets/images/icons/blue-document-excel.png]
[ras-it.rs/wp-content/plugins/js_composer/assets/images/icons/blue-document-image.png]
[ras-it.rs/wp-content/plugins/js_composer/assets/images/icons/blue-document-music.png]
[ras-it.rs/wp-content/plugins/js_composer/assets/images/icons/blue-document-office.png]
[ras-it.rs/wp-content/plugins/js_composer/assets/images/icons/blue-document-pdf.png]
[ras-it.rs/wp-content/plugins/js_composer/assets/images/icons/blue-document-powerpoint.png]
[ras-it.rs/wp-content/plugins/js_composer/assets/images/icons/blue-document-word.png]
[ras-it.rs/wp-content/plugins/js_composer/assets/images/icons/bookmark.png]
[ras-it.rs/wp-content/plugins/js_composer/assets/images/icons/camcorder.png]
[ras-it.rs/wp-content/plugins/js_composer/assets/images/icons/camera.png]
[ras-it.rs/wp-content/plugins/js_composer/assets/images/icons/chart.png]
[ras-it.rs/wp-content/plugins/js_composer/assets/images/icons/chart-pie.png]
[ras-it.rs/wp-content/plugins/js_composer/assets/images/icons/clock.png]
[ras-it.rs/wp-content/plugins/js_composer/assets/images/icons/control.png]
[ras-it.rs/wp-content/plugins/js_composer/assets/images/icons/fire.png]
[ras-it.rs/wp-content/plugins/js_composer/assets/images/icons/heart.png]
[ras-it.rs/wp-content/plugins/js_composer/assets/images/icons/mail.png]
[ras-it.rs/wp-content/plugins/js_composer/assets/images/icons/plus-shield.png]
[ras-it.rs/wp-content/plugins/js_composer/assets/images/icons/video.png]
[ras-it.rs/wp-content/plugins/js_composer/assets/fonts/vc_icons_v2/fonts/vcpb-plugin-icons01aa.ttf]
[ras-it.rs/wp-content/plugins/js_composer/assets/fonts/vc_icons_v2/fonts/vcpb-plugin-icons01aa.woff]
[ras-it.rs/wp-content/plugins/js_composer/assets/fonts/vc_icons_v2/fonts/vcpb-plugin-icons01aa.svg]
[ras-it.rs/wp-content/plugins/js_composer/assets/images/toggle_open.png]
[ras-it.rs/wp-content/plugins/js_composer/assets/images/toggle_close.png]
[ras-it.rs/wp-content/plugins/js_composer/assets/images/flickr.png]
[ras-it.rs/wp-content/plugins/js_composer/assets/fonts/vc_grid/vc_grid_v157a1.eot]
[ras-it.rs/wp-content/plugins/js_composer/assets/fonts/vc_grid/vc_grid_v1.eot]
[ras-it.rs/wp-content/plugins/js_composer/assets/fonts/vc_grid/vc_grid_v157a1.woff]
[ras-it.rs/wp-content/plugins/js_composer/assets/fonts/vc_grid/vc_grid_v157a1.ttf]
[ras-it.rs/wp-content/plugins/js_composer/assets/fonts/vc_grid/vc_grid_v157a1.svg]
[ras-it.rs/wp-content/plugins/js_composer/assets/images/spinner.gif]
[ras-it.rs/wp-content/plugins/js_composer/assets/vc/remove.png]
[ras-it.rs/wp-content/plugins/js_composer/assets/css/js_composer.min8b06.css]
[ras-it.rs/wp-content/plugins/mpc-massive/assets/images/mpc-image-placeholder.png]
[ras-it.rs/wp-content/plugins/mpc-massive/assets/css/mpc-styles37cb.css]
[ras-it.rs/wp-content/plugins/the-grid/frontend/assets/fonts/the_grid.eot]
[ras-it.rs/wp-content/plugins/the-grid/frontend/assets/fonts/the_grid.ttf]
[ras-it.rs/wp-content/plugins/the-grid/frontend/assets/fonts/the_grid.woff]
[ras-it.rs/wp-content/plugins/the-grid/frontend/assets/css/the-grid.min55a8.css]
[ras-it.rs/wp-includes/js/jquery/jqueryb8ff.js]
[ras-it.rs/wp-includes/js/jquery/jquery-migrate.min330a.js]
[ras-it.rs/wp-content/plugins/essential-grid/public/assets/js/lightbox4d6b.js]
[ras-it.rs/wp-content/plugins/the-grid/frontend/assets/fonts/the_grid.svg]
[ras-it.rs/TweenLite.js]
[ras-it.rs/wp-content/plugins/essential-grid/public/assets/js/jquery.themepunch.tools.min4d6b.js]
[ras-it.rs/Version/index.html]
[ras-it.rs/themepunch.revolution.min.js]
[ras-it.rs/jquery.themepunch.revolution.min.js]
[ras-it.rs/jquery.themepunch.revolution.js]
[ras-it.rs/images/transparent.png]
[ras-it.rs/assets/transparent.png]
[ras-it.rs/wp-content/plugins/revslider/public/assets/js/jquery.themepunch.revolution.min26ce.js]
[ras-it.rs/wp-json/index.html]
[ras-it.rs/xmlrpc0db0.html]
[ras-it.rs/wp-json/oembed/1.0/embeda1f5.html]
[ras-it.rs/wp-json/oembed/1.0/embede636.html]
[ras-it.rs/wp-json/oembed/1.0/embed012c]
[ras-it.rs/services/amp/index.html]
[ras-it.rs/index1560.html]
[ras-it.rs/wp-json/oembed/1.0/embed.bf0bcb.delayed]
[ras-it.rs/wp-content/uploads/2018/07/hero-za-ostale-strane.png]
[ras-it.rs/wp-content/uploads/2018/07/services-320x200.png]
[ras-it.rs/wp-content/uploads/2018/07/thumbnail-02-1.png]
[ras-it.rs/wp-content/uploads/2018/07/thumbnail-03-1.png]
[ras-it.rs/wp-content/plugins/mpc-massive/assets/fonts/fa/fa.minb6db.css]
[ras-it.rs/services/index.html]
[ras-it.rs/wp-content/plugins/mpc-massive/assets/fonts/eti/eti.minb6db.css]
[ras-it.rs/wp-json/oembed/1.0/embedf24a]
[ras-it.rs/services/penetration-testing/amp/index.html]
[ras-it.rs/index7b9a.html]
[ras-it.rs/wp-json/oembed/1.0/embed0f54]
[ras-it.rs/services/penetration-testing/index.html]
[ras-it.rs/wp-content/plugins/js_composer/assets/css/lib/vc-entypo/vc_entypo.min8b06.css]
[ras-it.rs/wp-json/oembed/1.0/embedf0c9]
[ras-it.rs/services/vulnerability-assessment/amp/index.html]
[ras-it.rs/wp-json/oembed/1.0/embed993b]
[ras-it.rs/services/vulnerability-assessment/index.html]
[ras-it.rs/index0014.html]
[ras-it.rs/wp-json/oembed/1.0/embed9192]
[ras-it.rs/services/digital-forensics/amp/index.html]
[ras-it.rs/wp-json/oembed/1.0/embed0ada]
[ras-it.rs/index37a3.html]
[ras-it.rs/wp-content/uploads/2018/07/hero-za-ostale-strane-1.png]
[ras-it.rs/services/digital-forensics/index.html]
[ras-it.rs/wp-json/oembed/1.0/embed9c19]
[ras-it.rs/about-us/amp/index.html]
[ras-it.rs/wp-json/oembed/1.0/embed1fee]
[ras-it.rs/index0ccf.html]
[ras-it.rs/wp-content/uploads/2018/07/Placeholder-400x400.png]
[ras-it.rs/wp-content/uploads/2018/07/Placeholder.png]
[ras-it.rs/wp-content/plugins/mpc-massive/assets/css/libs/magnific-popup.min37cb.css]
[ras-it.rs/about-us/index.html]
[ras-it.rs/wp-content/plugins/mpc-massive/assets/js/libs/magnific-popup.min37cb.js]
[ras-it.rs/wp-json/oembed/1.0/embed3be7]
[ras-it.rs/resources/amp/index.html]
[ras-it.rs/wp-json/oembed/1.0/embed5b40]
[ras-it.rs/indexdbbc.html]
[ras-it.rs/wp-content/uploads/2018/07/microsoft.png]
[ras-it.rs/wp-content/uploads/2018/07/yahoo-png.png]
[ras-it.rs/wp-content/uploads/2018/07/oracle-png.png]
[ras-it.rs/wp-content/uploads/2018/07/bug.png]
[ras-it.rs/resources/index.html]
[ras-it.rs/wp-json/oembed/1.0/embed563a]
[ras-it.rs/contact/amp/index.html]
[ras-it.rs/wp-json/oembed/1.0/embed0d9f]
[ras-it.rs/contact/index.html]
[ras-it.rs/cdn-cgi/l/email-protection.html]
[ras-it.rs/indexa27b.html]
[ras-it.rs/wp-json/oembed/1.0/embed4e3f]
[ras-it.rs/terms-and-conditions/amp/index.html]
[ras-it.rs/wp-json/oembed/1.0/embed7c6d]
[ras-it.rs/terms-and-conditions/index.html]
[ras-it.rs/wp-content/plugins/mpc-massive/assets/css/libs/slick.min37cb.css]
[ras-it.rs/index6a5b.html]
[ras-it.rs/wp-content/plugins/mpc-massive/assets/fonts/etl/et-linec619.eot]
[ras-it.rs/wp-content/plugins/mpc-massive/assets/fonts/etl/et-line.eot]
[ras-it.rs/wp-content/plugins/mpc-massive/assets/fonts/etl/et-linec619.woff]
[ras-it.rs/wp-content/plugins/mpc-massive/assets/fonts/etl/et-linec619.ttf]
[ras-it.rs/wp-content/plugins/mpc-massive/assets/fonts/etl/etl.minb6db.css]
[ras-it.rs/wp-content/plugins/mpc-massive/assets/fonts/etl/et-line.svg]
[ras-it.rs/wp-content/plugins/mpc-massive/assets/fonts/el/elusiveicons-webfont28b5.eot]
[ras-it.rs/wp-content/plugins/mpc-massive/assets/fonts/el/elusiveicons-webfont.eot]
[ras-it.rs/wp-content/plugins/mpc-massive/assets/fonts/el/elusiveicons-webfont28b5.woff]
[ras-it.rs/wp-content/plugins/mpc-massive/assets/fonts/el/elusiveicons-webfont28b5.ttf]
[ras-it.rs/wp-content/plugins/mpc-massive/assets/fonts/el/el.minb6db.css]
[ras-it.rs/wp-content/plugins/mpc-massive/assets/fonts/el/elusiveicons-webfont28b5.svg]
[ras-it.rs/wp-content/plugins/mpc-massive/assets/fonts/mi/materialicons-regular.eot]
[ras-it.rs/wp-content/plugins/mpc-massive/assets/fonts/mi/materialicons-regular.woff2]
[ras-it.rs/wp-content/plugins/mpc-massive/assets/fonts/mi/materialicons-regular.woff]
[ras-it.rs/wp-content/plugins/mpc-massive/assets/fonts/mi/materialicons-regular.ttf]
[ras-it.rs/wp-content/plugins/mpc-massive/assets/fonts/mi/mi.minb6db.css]
[ras-it.rs/wp-content/themes/mf/assets/js/jquery.main11a8.js]
[ras-it.rs/wp-content/themes/mf/assets/js/controller0da9.js]
[ras-it.rs/wp-content/themes/mf/assets/js/jquery-ui0da9.js]
[ras-it.rs/wp-content/themes/mf/assets/js/plugins0da9.js]
[ras-it.rs/wp-content/themes/mf/assets/js/mf-app0da9.js]
[ras-it.rs/Popover requires tooltip.js]
[ras-it.rs/wp-content/themes/mf/assets/js/bootstrap.min945b.js]
[ras-it.rs/wp-content/plugins/mpc-massive/assets/js/mpc-vendor.minb6db.js]
[ras-it.rs/wp-content/plugins/mpc-massive/assets/js/mpc-scripts.minb6db.js]
[ras-it.rs/wp-includes/js/jquery/ui/effect.mine899.js]
[ras-it.rs/wp-content/plugins/the-grid/frontend/assets/js/the-grid.min55a8.js]
[ras-it.rs/wp-includes/js/wp-embed.min37cb.js]
[apis.google.com/js/plusone.js]
[assets.pinterest.com/js/pinit.js]
[ras-it.rs/wp-content/plugins/js_composer/assets/js/dist/js_composer_front.min8b06.js]
[ras-it.rs/wp-content/plugins/mpc-massive/assets/js/libs/slick.min37cb.js]
[ras-it.rs/wp-content/plugins/essential-grid/public/assets/font/egfontdde9.svg]
[ras-it.rs/wp-content/plugins/revslider/public/assets/fonts/revicons/revicons90c6.svg]
[ras-it.rs/wp-content/themes/mf/assets/css/images/icons/icon1.html]
[ras-it.rs/wp-content/themes/mf/assets/images/icons/map.html]
[ras-it.rs/wp-content/themes/mf/assets/images/icons/pattern01.html]
[ras-it.rs/wp-content/themes/mf/assets/images/icons/icon2.html]
[ras-it.rs/wp-content/themes/mf/assets/fonts/fontello1e95.html]
[ras-it.rs/wp-content/themes/mf/assets/fonts/fontello1e95-2.html]
[ras-it.rs/wp-content/themes/mf/assets/fonts/fontello1e95-3.html]
[ras-it.rs/wp-content/themes/mf/assets/fonts/fontello1e95-4.html]
[ras-it.rs/wp-content/themes/mf/assets/fonts/fontello1e95-5.html]
[ras-it.rs/wp-content/themes/mf/assets/images/icons/pattern02.html]
[ras-it.rs/wp-content/themes/mf/assets/images/icons/pattern03.html]
[ras-it.rs/wp-content/themes/mf/assets/images/icons/iconCaution.html]
[ras-it.rs/wp-content/themes/mf/assets/images/icons/loading.html]
[ras-it.rs/wp-content/themes/mf/assets/img/cart.html]
[ras-it.rs/wp-content/themes/mf/assets/img/close@2.html]
[ras-it.rs/wp-content/themes/mf/assets/img/close_white@2.html]
[ras-it.rs/wp-content/themes/mf/assets/img/gotop_icon@2.html]
[ras-it.rs/wp-content/themes/mf/assets/img/plus@2.html]
[ras-it.rs/wp-content/themes/mf/assets/img/arrow_left@2.html]
[ras-it.rs/wp-content/themes/mf/assets/img/arrow_right@2.html]
[ras-it.rs/wp-content/themes/mf/assets/img/arrow_left_white@2.html]
[ras-it.rs/wp-content/themes/mf/assets/img/arrow_right_white@2.html]
[ras-it.rs/wp-content/themes/mf/assets/img/search@2.html]
[ras-it.rs/wp-content/themes/mf/assets/img/menu@2.html]
[ras-it.rs/wp-content/themes/mf/assets/img/search_white@2.html]
[ras-it.rs/wp-content/themes/mf/assets/css/fonts/icomoon.svg]
[ras-it.rs/wp-content/plugins/js_composer/assets/lib/bower/font-awesome/fonts/fontawesome-webfont3e6e.svg]
[ras-it.rs/wp-content/themes/mf/assets/fonts/bootstrap/glyphicons-halflings-regular.html]
[ras-it.rs/wp-content/themes/mf/assets/fonts/bootstrap/glyphicons-halflings-regular-2.html]
[ras-it.rs/wp-content/themes/mf/assets/fonts/bootstrap/glyphicons-halflings-regular-3.html]
[ras-it.rs/wp-content/themes/mf/assets/fonts/bootstrap/glyphicons-halflings-regular-4.html]
[ras-it.rs/wp-content/themes/mf/assets/fonts/bootstrap/glyphicons-halflings-regular-5.html]
[ras-it.rs/wp-content/plugins/js_composer/assets/fonts/vc_icons_v2/fonts/vcpb-plugin-icons01aa.svg]
[ras-it.rs/wp-content/plugins/js_composer/assets/fonts/vc_grid/vc_grid_v157a1.svg]
[ras-it.rs/wp-content/plugins/the-grid/frontend/assets/fonts/the_grid.svg]
[ras-it.rs/TweenLite.html]
[ras-it.rs/Version/index.html]
[ras-it.rs/themepunch.revolution.min.html]
[ras-it.rs/jquery.themepunch.revolution.min.html]
[ras-it.rs/jquery.themepunch.revolution.html]
[ras-it.rs/images/transparent.html]
[ras-it.rs/assets/transparent.html]
[ras-it.rs/services/amp/index.html]
[ras-it.rs/index1560.html]
[ras-it.rs/wp-json/oembed/1.0/embed012c.html]
[ras-it.rs/wp-json/oembed/1.0/embed0bcb.html]
[ras-it.rs/wp-content/plugins/mpc-massive/assets/fonts/fa/fa.minb6db.css]
[ras-it.rs/wp-content/plugins/mpc-massive/assets/fonts/eti/eti.minb6db.css]
[ras-it.rs/services/penetration-testing/amp/index.html]
[ras-it.rs/index7b9a.html]
[ras-it.rs/wp-json/oembed/1.0/embedf24a.html]
[ras-it.rs/wp-json/oembed/1.0/embed0f54.html]
[ras-it.rs/wp-content/plugins/js_composer/assets/css/lib/vc-entypo/vc_entypo.min8b06.css]
[ras-it.rs/services/vulnerability-assessment/amp/index.html]
[ras-it.rs/index0014.html]
[ras-it.rs/wp-json/oembed/1.0/embedf0c9.html]
[ras-it.rs/wp-json/oembed/1.0/embed993b.html]
[ras-it.rs/services/digital-forensics/amp/index.html]
[ras-it.rs/index37a3.html]
[ras-it.rs/wp-json/oembed/1.0/embed9192.html]
[ras-it.rs/wp-json/oembed/1.0/embed0ada.html]
[ras-it.rs/about-us/amp/index.html]
[ras-it.rs/index0ccf.html]
[ras-it.rs/wp-json/oembed/1.0/embed9c19.html]
[ras-it.rs/wp-json/oembed/1.0/embed1fee.html]
[ras-it.rs/wp-content/plugins/mpc-massive/assets/css/libs/magnific-popup.min37cb.css]
[ras-it.rs/wp-content/plugins/mpc-massive/assets/js/libs/magnific-popup.min37cb.js]
[ras-it.rs/resources/amp/index.html]
[ras-it.rs/indexdbbc.html]
[ras-it.rs/wp-json/oembed/1.0/embed3be7.html]
[ras-it.rs/wp-json/oembed/1.0/embed5b40.html]
[ras-it.rs/contact/amp/index.html]
[ras-it.rs/indexa27b.html]
[ras-it.rs/wp-json/oembed/1.0/embed563a.html]
[ras-it.rs/wp-json/oembed/1.0/embed0d9f.html]
[ras-it.rs/terms-and-conditions/amp/index.html]
[ras-it.rs/index6a5b.html]
[ras-it.rs/wp-json/oembed/1.0/embed4e3f.html]
[ras-it.rs/wp-json/oembed/1.0/embed7c6d.html]
[ras-it.rs/wp-content/plugins/mpc-massive/assets/fonts/etl/et-line.svg]
[ras-it.rs/wp-content/plugins/mpc-massive/assets/fonts/el/elusiveicons-webfont28b5.svg]
[ras-it.rs/Popover requires tooltip.html]
