[www.secitsecurity.com/index.html]
[backblue.gif]
[fade.gif]
[index.html]
[www.secitsecurity.com/wp-includes/css/dist/block-library/style.min.css]
[www.secitsecurity.com/wp-content/themes/openlink-theme/assets/dist/css/style.css]
[www.secitsecurity.com/comments/feed/index.html]
[www.secitsecurity.com/xmlrpc0db0.php]
[www.secitsecurity.com/feed/index.html]
[www.secitsecurity.com/wp-json/index.html]
[www.secitsecurity.com/wp-includes/wlwmanifest.xml]
[www.secitsecurity.com/wp-json/oembed/1.0/embedcc20.json]
[www.secitsecurity.com/wp-json/oembed/1.0/embeddaec]
[www.secitsecurity.com/cdn-cgi/l/email-protection.html]
[www.secitsecurity.com/o-nama/index.html]
[www.secitsecurity.com/menadzment/index.html]
[www.secitsecurity.com/reference/index.html]
[www.secitsecurity.com/outsourcing-it-bezbednosti/index.html]
[www.secitsecurity.com/seminari/index.html]
[cdn.openlink.rs/secitsecurity/sr-latn/wp-content/uploads/2019/12/19035339/slider-2019-12-10-outscourcing-it-bezbednosti-baza-podataka-cloud-covek-mreza-racunar-server-skladistenje-tablet-1664x715.jpg]
[www.secitsecurity.com/procena-bezbednosti-it-sistema/index.html]
[www.secitsecurity.com/profesionalne-obuke/index.html]
[www.secitsecurity.com/blog/index.html]
[www.secitsecurity.com/kontakt/index.html]
[cdn.openlink.rs/secitsecurity/sr-latn/wp-content/uploads/2019/12/19035349/slider-2019-12-10-profesionalne-obuke-instruktor-ljudi-obuka-racunar-student-ucionica-1664x715.jpg]
[cdn.openlink.rs/secitsecurity/sr-latn/wp-content/uploads/2019/12/19035344/slider-2019-12-10-procena-bezbednosti-it-sistema-lupa-odelo-strucnjak-tablet-1664x715.jpg]
[www.secitsecurity.com/seminari/sajber-higijena/index.html]
[cdn.openlink.rs/secitsecurity/sr-latn/wp-content/uploads/2019/12/19035354/slider-2019-12-10-sajber-higijena-laboratorija-mis-racunar-rukavice-sterilnost-tastatura-1664x715.jpg]
[cdn.openlink.rs/secitsecurity/sr-latn/wp-content/uploads/2019/12/19035602/partner-t-2019-08-30-pokrajinska-vlada-autonomne-pokrajine-vojvodine-400x245.png]
[cdn.openlink.rs/secitsecurity/sr-latn/wp-content/uploads/2019/12/19035640/partner-w-2019-10-20-ministarstvo-unutrasnjih-poslova-republike-srbije-400x245.jpg]
[cdn.openlink.rs/secitsecurity/sr-latn/wp-content/uploads/2019/12/19035633/partner-w-2019-10-20-ministarstvo-odbrane-republike-srbije-400x245.png]
[cdn.openlink.rs/secitsecurity/sr-latn/wp-content/uploads/2019/12/19035648/partner-w-2019-10-20-vojska-srbije-400x245.png]
[cdn.openlink.rs/secitsecurity/sr-latn/wp-content/uploads/2019/12/19035645/partner-w-2019-10-20-vojnoobavestajna-agencija-400x245.png]
[cdn.openlink.rs/secitsecurity/sr-latn/wp-content/uploads/2019/12/19035556/partner-t-2019-08-30-narodna-banka-srbije-400x245.png]
[cdn.openlink.rs/secitsecurity/sr-latn/wp-content/uploads/2019/12/19035550/partner-t-2019-08-30-komercijalna-banka-400x245.png]
[cdn.openlink.rs/secitsecurity/sr-latn/wp-content/uploads/2019/12/19035531/partner-t-2019-08-30-elektroprivreda-srbije-400x245.png]
[cdn.openlink.rs/secitsecurity/sr-latn/wp-content/uploads/2019/12/19035526/partner-t-2019-08-30-elektromreza-srbije-400x245.png]
[cdn.openlink.rs/secitsecurity/sr-latn/wp-content/uploads/2019/12/19035515/partner-t-2019-08-30-banca-intesa-400x245.png]
[cdn.openlink.rs/secitsecurity/sr-latn/wp-content/uploads/2019/12/19035610/partner-t-2019-08-30-raiffeisen-bank-400x245.png]
[cdn.openlink.rs/secitsecurity/sr-latn/wp-content/uploads/2019/12/19035622/partner-t-2019-08-30-wiener-stadtische-400x245.png]
[cdn.openlink.rs/secitsecurity/sr-latn/wp-content/uploads/2019/12/19035546/partner-t-2019-08-30-grad-cacak-400x245.png]
[cdn.openlink.rs/secitsecurity/sr-latn/wp-content/uploads/2019/12/19035628/partner-t-2019-09-03-alumina-zvornik-doo-400x245.png]
[cdn.openlink.rs/secitsecurity/sr-latn/wp-content/uploads/2019/12/19035541/partner-t-2019-08-30-galeb-group-400x245.png]
[cdn.openlink.rs/secitsecurity/sr-latn/wp-content/uploads/2019/12/19035455/partner-t-2019-08-27-privredna-komora-srbije-400x245.png]
[cdn.openlink.rs/secitsecurity/sr-latn/wp-content/uploads/2019/12/19035450/partner-t-2019-08-27-privredna-komora-beograda-400x245.png]
[cdn.openlink.rs/secitsecurity/sr-latn/wp-content/uploads/2019/12/19035537/partner-t-2019-08-30-forum-media-doo-400x245.png]
[www.secitsecurity.com/menadzment/doc-dr-igor-franc/index.html]
[cdn.openlink.rs/secitsecurity/sr-latn/wp-content/uploads/2019/12/19034432/secit-security-default-03-archive-list-4x3-secondary-150x150.jpg]
[www.secitsecurity.com/cdn-cgi/scripts/5c5dd728/cloudflare-static/email-decode.min.js]
[www.secitsecurity.com/menadzment/predrag-cujanovic/index.html]
[www.secitsecurity.com/menadzment/dr-nemanja-macek/index.html]
[www.secitsecurity.com/menadzment/miodrag-ranisavljevic/index.html]
[www.secitsecurity.com/wp-content/themes/openlink-theme/assets/dist/js/script.js]
[www.secitsecurity.com/menadzment/dr-nada-arezina/index.html]
[www.secitsecurity.com/wp-includes/js/wp-embed.min.js]
[www.secitsecurity.com/index.html]
[www.secitsecurity.com/wp-includes/css/dist/block-library/style.min.css]
[www.secitsecurity.com/pravila-koriscenja/index.html]
[www.secitsecurity.com/politika-privatnosti/index.html]
[www.secitsecurity.com/kolacici/index.html]
[www.secitsecurity.com/wp-content/themes/openlink-theme/assets/dist/fonts/ionicons.eot]
[www.secitsecurity.com/wp-content/themes/openlink-theme/assets/dist/fonts/ionicons.woff]
[www.secitsecurity.com/wp-content/themes/openlink-theme/assets/dist/fonts/ionicons.ttf]
[www.secitsecurity.com/wp-content/themes/openlink-theme/assets/dist/images/ionicons.svg]
[www.secitsecurity.com/wp-content/themes/openlink-theme/assets/dist/images/default-skin.png]
[www.secitsecurity.com/wp-content/themes/openlink-theme/assets/dist/images/default-skin.svg]
[www.secitsecurity.com/wp-content/themes/openlink-theme/assets/dist/images/preloader.gif]
[www.secitsecurity.com/wp-content/themes/openlink-theme/assets/dist/css/`owl.carousel/dist/assetsowl.video.play.png]
[www.secitsecurity.com/wp-content/themes/openlink-theme/assets/dist/css/style.css]
[www.googletagmanager.com/gtm5445.html]
[www.secitsecurity.com/cdn-cgi/l/email-protection.html]
[www.secitsecurity.com/wp-json/oembed/1.0/embedc78d.json]
[www.secitsecurity.com/wp-json/oembed/1.0/embed11dc]
[www.secitsecurity.com/o-nama/index.html]
[www.secitsecurity.com/menadzment/feed/index.html]
[cdn.openlink.rs/secitsecurity/sr-latn/wp-content/uploads/2019/12/19034432/secit-security-default-03-archive-list-4x3-secondary-640x480.jpg]
[www.secitsecurity.com/menadzment/index.html]
[www.secitsecurity.com/menadzment/zoran-trdenic/index.html]
[www.secitsecurity.com/menadzment/dr-dragan-djokic/index.html]
[www.secitsecurity.com/menadzment/dr-negovan-stamenkovic/index.html]
[www.secitsecurity.com/wp-json/oembed/1.0/embedd9b9.json]
[www.secitsecurity.com/menadzment/dr-aca-aleksic/index.html]
[www.secitsecurity.com/menadzment/jovan-sikanja/index.html]
[www.secitsecurity.com/wp-json/oembed/1.0/embed6790]
[www.secitsecurity.com/menadzment/sonja-jovovic/index.html]
[cdn.openlink.rs/secitsecurity/sr-latn/wp-content/uploads/2019/12/19035427/content-logo-t-2019-08-30-pokrajinska-vlada-autonomne-pokrajine-vojvodine.png]
[cdn.openlink.rs/secitsecurity/sr-latn/wp-content/uploads/2019/12/19035443/content-logo-w-2019-10-20-ministarstvo-unutrasnjih-poslova-republike-srbije.png]
[cdn.openlink.rs/secitsecurity/sr-latn/wp-content/uploads/2019/12/19035441/content-logo-w-2019-10-20-ministarstvo-odbrane-republike-srbije.png]
[cdn.openlink.rs/secitsecurity/sr-latn/wp-content/uploads/2019/12/19035448/content-logo-w-2019-10-20-vojska-srbije.png]
[cdn.openlink.rs/secitsecurity/sr-latn/wp-content/uploads/2019/12/19035446/content-logo-w-2019-10-20-vojnoobavestajna-agencija.png]
[cdn.openlink.rs/secitsecurity/sr-latn/wp-content/uploads/2019/12/19035424/content-logo-t-2019-08-30-narodna-banka-srbije.png]
[cdn.openlink.rs/secitsecurity/sr-latn/wp-content/uploads/2019/12/19035422/content-logo-t-2019-08-30-komercijalna-banka.png]
[cdn.openlink.rs/secitsecurity/sr-latn/wp-content/uploads/2019/12/19035413/content-logo-t-2019-08-30-elektroprivreda-srbije.png]
[cdn.openlink.rs/secitsecurity/sr-latn/wp-content/uploads/2019/12/19035411/content-logo-t-2019-08-30-elektromreza-srbije.png]
[cdn.openlink.rs/secitsecurity/sr-latn/wp-content/uploads/2019/12/19035407/content-logo-t-2019-08-30-banca-intesa.png]
[cdn.openlink.rs/secitsecurity/sr-latn/wp-content/uploads/2019/12/19035431/content-logo-t-2019-08-30-raiffeisen-bank.png]
[cdn.openlink.rs/secitsecurity/sr-latn/wp-content/uploads/2019/12/19035437/content-logo-t-2019-08-30-wiener-stadtische.png]
[cdn.openlink.rs/secitsecurity/sr-latn/wp-content/uploads/2019/12/19035419/content-logo-t-2019-08-30-grad-cacak.png]
[cdn.openlink.rs/secitsecurity/sr-latn/wp-content/uploads/2019/12/19035439/content-logo-t-2019-09-03-alumina-zvornik-doo.png]
[cdn.openlink.rs/secitsecurity/sr-latn/wp-content/uploads/2019/12/19035417/content-logo-t-2019-08-30-galeb-group.png]
[cdn.openlink.rs/secitsecurity/sr-latn/wp-content/uploads/2019/12/19035401/content-logo-t-2019-08-27-privredna-komora-srbije.png]
[cdn.openlink.rs/secitsecurity/sr-latn/wp-content/uploads/2019/12/19035359/content-logo-t-2019-08-27-privredna-komora-beograda.png]
[cdn.openlink.rs/secitsecurity/sr-latn/wp-content/uploads/2019/12/19035409/content-logo-t-2019-08-30-economic-chamber-of-macedonia.png]
[cdn.openlink.rs/secitsecurity/sr-latn/wp-content/uploads/2019/12/19035415/content-logo-t-2019-08-30-forum-media-doo.png]
[cdn.openlink.rs/secitsecurity/sr-latn/wp-content/uploads/2019/12/19035433/content-logo-t-2019-08-30-udruzenje-esigurnost.png]
[www.secitsecurity.com/reference/index.html]
[www.secitsecurity.com/wp-json/oembed/1.0/embedded1.json]
[www.secitsecurity.com/wp-json/oembed/1.0/embedcc25]
[cdn.openlink.rs/secitsecurity/sr-latn/wp-content/uploads/2019/12/19035313/content-sidebar-width-banner-image-2019-12-10-outscourcing-it-bezbednosti-cloud-katanac-odelo-strucnjak.jpg]
[www.secitsecurity.com/outsourcing-it-bezbednosti/index.html]
[www.secitsecurity.com/wp-json/oembed/1.0/embed6d2b.json]
[www.secitsecurity.com/wp-json/oembed/1.0/embed5032]
[cdn.openlink.rs/secitsecurity/sr-latn/wp-content/uploads/2019/12/19035335/content-sidebar-width-banner-image-2019-12-10-seminari-beleske-predavac-predavanje-sala-seminar-slusaoci-tabla-uniforme.jpg]
[www.secitsecurity.com/seminari/index.html]
[www.secitsecurity.com/seminari/bezbednost-it-infrastrukture/index.html]
[www.secitsecurity.com/seminari/uvod-u-eticko-hakovanje/index.html]
[www.secitsecurity.com/seminari/bezbedno-upravljanje-mobilnim-uredjajima-i-wi-fi-mrezama-u-kompaniji/index.html]
[www.secitsecurity.com/wp-json/oembed/1.0/embed5c25.json]
[www.secitsecurity.com/seminari/uvod-u-it-forenziku/index.html]
[www.secitsecurity.com/wp-json/oembed/1.0/embed9155]
[www.secitsecurity.com/seminari/uvodjenje-i-upravljanje-kontrolama-pristupa-it-sistema/index.html]
[cdn.openlink.rs/secitsecurity/sr-latn/wp-content/uploads/2019/12/19035328/content-sidebar-width-banner-image-2019-12-10-profesionalne-obuke-kosulja-kravata-laptop-notebook-tastatura.jpg]
[www.secitsecurity.com/profesionalne-obuke/index.html]
[www.secitsecurity.com/profesionalne-obuke/penetraciono-testiranje-backbox-kali/index.html]
[www.secitsecurity.com/profesionalne-obuke/osnove-informacione-bezbednosti-bitsec/index.html]
[www.secitsecurity.com/profesionalne-obuke/napredna-obuka-informacione-bezbednosti-bitsec/index.html]
[www.secitsecurity.com/profesionalne-obuke/digitalno-forenzicka-istraga-dfi/index.html]
[www.secitsecurity.com/wp-json/oembed/1.0/embeda15b.json]
[www.secitsecurity.com/profesionalne-obuke/analiza-saobracaja-mreze-wireshark/index.html]
[www.secitsecurity.com/profesionalne-obuke/linux-bezbednost/index.html]
[www.secitsecurity.com/profesionalne-obuke/sistemi-za-detekciju-i-prevenciju-upada-ids-ips/index.html]
[www.secitsecurity.com/wp-json/oembed/1.0/embedfbcb]
[www.secitsecurity.com/profesionalne-obuke/osnovne-informacione-bezbednosti-bitsec/index.html]
[www.secitsecurity.com/profesionalne-obuke/napredna-obuka-informacione-bezbednosti-aitsec/index.html]
[cdn.openlink.rs/secitsecurity/sr-latn/wp-content/uploads/2019/12/19035325/content-sidebar-width-banner-image-2019-12-10-procena-bezbednosti-it-sistema-lupa-strucnjak-odelo.jpg]
[www.secitsecurity.com/procena-bezbednosti-it-sistema/index.html]
[www.secitsecurity.com/blog/2018/11/opasnost-zvana-iot/index.html]
[cdn.openlink.rs/secitsecurity/sr-latn/wp-content/uploads/2019/12/19034447/secit-security-default-04-archive-list-3x2-secondary-825x550.jpg]
[www.secitsecurity.com/blog/2018/06/sigurno-upravljanje-nalozima-i-lozinkama-korisnika-predostroznost-je-najbolja-odbrana/index.html]
[www.secitsecurity.com/blog/2018/03/sta-je-zapravo-kembridz-analitika/index.html]
[www.secitsecurity.com/blog/2018/05/izvestaj-sa-esecurity-2018-konferencije/index.html]
[www.secitsecurity.com/blog/2018/03/radni-tekst-10-pitanja-o-hakovanju-objavljen-u-politici/index.html]
[www.secitsecurity.com/blog/2018/02/blogpost-broj-50-malo-retrospektive-i-lista-top-5-najcitanijih-postova/index.html]
[www.secitsecurity.com/blog/2018/02/problemi-sa-malverom-olympic-destroyer-na-otvaranju-olimpijade/index.html]
[www.secitsecurity.com/blog/2018/01/porazavajuca-statistika-primenjenih-zakrpa-za-meltdown-i-spectre-bagove/index.html]
[www.secitsecurity.com/blog/2018/01/sigurnosni-problemi-na-milionima-intel-procesora/index.html]
[www.secitsecurity.com/blog/2018/01/novi-problemi-sa-meltdown-i-spectre-zakrpama/index.html]
[www.secitsecurity.com/blog/2018/01/sta-se-sve-bitno-dogodilo-u-svetu-hakera-u-2017-godini/index.html]
[www.secitsecurity.com/blog/2017/12/8-napada-na-platforme-za-kriptovalute-u-poslednjih-pola-godine/index.html]
[www.secitsecurity.com/blog/2017/12/kako-hakeri-mogu-zloupotrebiti-vas-racunar-za-rudarenje-kriptovaluta/index.html]
[www.secitsecurity.com/blog/2017/12/chrome-od-sada-moze-da-izoluje-sajt/index.html]
[www.secitsecurity.com/blog/2017/11/kako-sigurno-upravljati-nalozima-i-lozinkama/index.html]
[www.secitsecurity.com/blog/2017/11/vaznost-donosenja-akta-o-bezbednosti-ikt-sistema/index.html]
[www.secitsecurity.com/blog/index.html]
[www.secitsecurity.com/blog/2017/11/zasto-je-vazno-vrsiti-obuku-zaposlenih/index.html]
[www.secitsecurity.com/blog/2017/10/kako-zastiti-podatke-u-slucaju-da-izgubite-ili-vam-ukradu-mobilni-uredjaj/index.html]
[www.secitsecurity.com/blog/2017/10/na-koji-nacin-se-sve-mogu-pratiti-zaposleni/index.html]
[www.secitsecurity.com/blog/2017/10/ko-su-eticki-hakeri-ili-beli-sesiri/index.html]
[www.secitsecurity.com/blog/2017/10/socijalni-inzenjering-na-drustvenim-mrezama/index.html]
[www.secitsecurity.com/blog/2017/10/medjunarodna-konferencija-o-bezbednosti-informacija-bisec-2017/index.html]
[www.secitsecurity.com/blog/2017/09/moja-misija-sirenje-znanja/index.html]
[www.secitsecurity.com/blog/2017/09/bezbedna-kancelarija-u-oblaku/index.html]
[www.secitsecurity.com/wp-json/oembed/1.0/embed836a.json]
[www.secitsecurity.com/blog/2017/09/botovi-i-njihov-uticaj-na-drustvenim-mrezama/index.html]
[www.secitsecurity.com/blog/2017/08/cuvanje-i-unistavanje-podataka/index.html]
[www.secitsecurity.com/wp-json/oembed/1.0/embedcf0a]
[www.secitsecurity.com/blog/2017/08/kako-antivirus-proizvodi-mogu-ugroziti-privatnost/index.html]
[www.secitsecurity.com/blog/2017/08/kako-nas-spijuniraju-kroz-razlicite-aplikacije-i-uredjaje/index.html]
[www.secitsecurity.com/kontakt/office@secitsecurity.com]
[www.secitsecurity.com/blog/2017/07/dilema-o-ugradnji-mikrocipova-u-telo-biohack/index.html]
[www.secitsecurity.com/kontakt/index.html]
[www.secitsecurity.com/blog/2017/07/koji-je-operativni-sistem-za-desktop-najsigurniji/index.html]
[www.secitsecurity.com/blog/2017/07/letovanje-i-drustvene-mreze/index.html]
[www.secitsecurity.com/blog/2017/07/veliki-brat-zvani-google-ili-facebook/index.html]
[www.secitsecurity.com/blog/2017/06/hakovanje-auotomobila/index.html]
[www.secitsecurity.com/blog/2017/06/kako-ostati-bezbedan-na-hakerskoj-konferenciji/index.html]
[www.secitsecurity.com/blog/2017/05/izvestaj-sa-ict-security-2017-konferencije/index.html]
[www.secitsecurity.com/blog/2017/06/bezbednost-mobilnih-uredjaja/index.html]
[www.secitsecurity.com/blog/2017/05/sistemi-za-detekciju-i-prevenciju-upada/index.html]
[www.secitsecurity.com/blog/2017/06/ozloglasena-jeziva-igra-plavi-kit-ili-nesto-vise-od-toga/index.html]
[www.secitsecurity.com/wp-json/oembed/1.0/embedb340.json]
[www.secitsecurity.com/blog/2017/05/kako-obezbediti-kucnu-wi-fi-mrezu/index.html]
[www.secitsecurity.com/blog/2017/05/ko-su-stvarno-sajber-napadaci/index.html]
[www.secitsecurity.com/wp-json/oembed/1.0/embed2aad]
[www.secitsecurity.com/blog/2017/05/nova-sprava-za-spijuniranje-smart-televizor/index.html]
[www.secitsecurity.com/blog/2017/04/update-opasnost-i-izazov/index.html]
[www.secitsecurity.com/blog/2017/04/bezbednost-podataka-u-cloud-okruzenju/index.html]
[www.secitsecurity.com/blog/2017/04/sta-je-u-stvari-digitalna-forenzika/index.html]
[www.secitsecurity.com/blog/2017/04/napast-zvana-ransomware/index.html]
[www.secitsecurity.com/blog/2017/04/kako-zastiti-svoj-webmail-nalog/index.html]
[www.secitsecurity.com/blog/2017/04/za-i-protiv-koriscenja-password-menadzera/index.html]
[www.secitsecurity.com/blog/2017/03/opasnost-zvana-iot-2/index.html]
[www.secitsecurity.com/blog/2017/03/sta-je-darkweb-i-kako-se-koristi/index.html]
[www.secitsecurity.com/blog/2017/03/zabrana-unosenja-elektronskih-uredjaja-na-nekim-letovima-usa/index.html]
[cdn.openlink.rs/secitsecurity/sr-latn/wp-content/uploads/2019/12/19035332/content-sidebar-width-banner-image-2019-12-10-sajber-higijena-rukavice-tastatura.jpg]
[www.secitsecurity.com/seminari/sajber-higijena/index.html]
[www.secitsecurity.com/blog/2017/03/konferencija-e-razvoj-2017/index.html]
[www.secitsecurity.com/blog/2017/03/uticaj-ljudskog-faktora-na-bezbednost/index.html]
[www.secitsecurity.com/blog/2017/03/dobrodosli-na-moj-blog/index.html]
[www.secitsecurity.com/blog/2017/03/7-najcescih-gresaka-korisnika-cija-je-posledica-ugrozavanje-it-bezbednosti/index.html]
[www.secitsecurity.com/blog/2012/02/malver-za-kradju-goriva-na-pumpama/index.html]
[www.secitsecurity.com/wp-json/oembed/1.0/embeddccf.json]
[www.secitsecurity.com/wp-json/oembed/1.0/embede4fc]
[www.secitsecurity.com/menadzment/doc-dr-igor-franc/index.html]
[cdn.openlink.rs/secitsecurity/sr-latn/wp-content/uploads/2019/12/19035521/partner-t-2019-08-30-economic-chamber-of-macedonia-400x245.html]
[www.secitsecurity.com/wp-json/oembed/1.0/embed12f5.json]
[www.secitsecurity.com/wp-json/oembed/1.0/embed84fa]
[www.secitsecurity.com/menadzment/miodrag-ranisavljevic/index.html]
[www.secitsecurity.com/wp-json/oembed/1.0/embed94f9.json]
[www.secitsecurity.com/wp-json/oembed/1.0/embed1f9b]
[www.secitsecurity.com/menadzment/dr-nemanja-macek/index.html]
[www.secitsecurity.com/wp-json/oembed/1.0/embed451e.json]
[www.secitsecurity.com/wp-json/oembed/1.0/embed66c5]
[www.secitsecurity.com/menadzment/predrag-cujanovic/index.html]
[www.secitsecurity.com/wp-json/oembed/1.0/embed2d65.json]
[www.secitsecurity.com/wp-json/oembed/1.0/embed92d8]
[www.secitsecurity.com/menadzment/dr-nada-arezina/index.html]
[www.secitsecurity.com/wp-json/oembed/1.0/embed9e3e.json]
[www.secitsecurity.com/wp-json/oembed/1.0/embed8641]
[www.secitsecurity.com/pravila-koriscenja/index.html]
[www.secitsecurity.com/wp-json/oembed/1.0/embed3033.json]
[www.secitsecurity.com/politika-privatnosti/feed/index.html]
[www.secitsecurity.com/wp-json/oembed/1.0/embed381f]
[www.secitsecurity.com/politika-privatnosti/index.html]
[www.secitsecurity.com/wp-json/oembed/1.0/embedfd1a.json]
[www.secitsecurity.com/wp-json/oembed/1.0/embed3bc7]
[www.secitsecurity.com/kolacici/index.html]
[www.secitsecurity.com/wp-content/themes/openlink-theme/assets/dist/images/ionicons.svg]
[www.secitsecurity.com/wp-content/themes/openlink-theme/assets/dist/images/default-skin.svg]
[www.secitsecurity.com/wp-content/themes/openlink-theme/assets/dist/css/`owl.carousel/dist/assetsowl.video.play.html]
[www.secitsecurity.com/indexf3dd.html]
[www.secitsecurity.com/menadzment/dr-dragan-djokic/index.html]
[www.secitsecurity.com/menadzment/zoran-trdenic/index.html]
[www.secitsecurity.com/menadzment/dr-negovan-stamenkovic/index.html]
[www.secitsecurity.com/menadzment/dr-aca-aleksic/index.html]
[www.secitsecurity.com/menadzment/jovan-sikanja/index.html]
[www.secitsecurity.com/menadzment/sonja-jovovic/index.html]
[www.secitsecurity.com/indexe1a1.html]
[www.secitsecurity.com/index5ed0.html]
[www.secitsecurity.com/procena-bezbednosti/index.html]
[www.secitsecurity.com/indexc61d.html]
[www.secitsecurity.com/seminari/bezbedno-upravljanje-mobilnim-uredjajima-i-wi-fi-mrezama-u-kompaniji/index.html]
[www.secitsecurity.com/seminari/bezbednost-it-infrastrukture/index.html]
[www.secitsecurity.com/seminari/uvod-u-eticko-hakovanje/index.html]
[www.secitsecurity.com/seminari/uvod-u-it-forenziku/index.html]
[www.secitsecurity.com/seminari/uvodjenje-i-upravljanje-kontrolama-pristupa-it-sistema/index.html]
[www.secitsecurity.com/indexd251.html]
[www.secitsecurity.com/profesionalne-obuke/osnove-informacione-bezbednosti-bitsec/index.html]
[www.secitsecurity.com/profesionalne-obuke/napredna-obuka-informacione-bezbednosti-bitsec/index.html]
[www.secitsecurity.com/profesionalne-obuke/penetraciono-testiranje-backbox-kali/index.html]
[www.secitsecurity.com/profesionalne-obuke/digitalno-forenzicka-istraga-dfi/index.html]
[www.secitsecurity.com/profesionalne-obuke/analiza-saobracaja-mreze-wireshark/index.html]
[www.secitsecurity.com/profesionalne-obuke/linux-bezbednost/index.html]
[www.secitsecurity.com/profesionalne-obuke/sistemi-za-detekciju-i-prevenciju-upada-ids-ips/index.html]
[www.secitsecurity.com/profesionalne-obuke/osnovne-informacione-bezbednosti-bitsec/index.html]
[www.secitsecurity.com/profesionalne-obuke/napredna-obuka-informacione-bezbednosti-aitsec/index.html]
[www.secitsecurity.com/indexc094.html]
[www.secitsecurity.com/blog/2018/11/opasnost-zvana-iot/index.html]
[www.secitsecurity.com/blog/2018/06/sigurno-upravljanje-nalozima-i-lozinkama-korisnika-predostroznost-je-najbolja-odbrana/index.html]
[www.secitsecurity.com/blog/2018/05/izvestaj-sa-esecurity-2018-konferencije/index.html]
[www.secitsecurity.com/blog/2018/03/sta-je-zapravo-kembridz-analitika/index.html]
[www.secitsecurity.com/blog/2018/03/radni-tekst-10-pitanja-o-hakovanju-objavljen-u-politici/index.html]
[www.secitsecurity.com/blog/2018/02/blogpost-broj-50-malo-retrospektive-i-lista-top-5-najcitanijih-postova/index.html]
[www.secitsecurity.com/blog/2018/02/problemi-sa-malverom-olympic-destroyer-na-otvaranju-olimpijade/index.html]
[www.secitsecurity.com/blog/2018/01/porazavajuca-statistika-primenjenih-zakrpa-za-meltdown-i-spectre-bagove/index.html]
[www.secitsecurity.com/blog/2018/01/novi-problemi-sa-meltdown-i-spectre-zakrpama/index.html]
[www.secitsecurity.com/blog/2018/01/sigurnosni-problemi-na-milionima-intel-procesora/index.html]
[www.secitsecurity.com/blog/2018/01/sta-se-sve-bitno-dogodilo-u-svetu-hakera-u-2017-godini/index.html]
[www.secitsecurity.com/blog/2017/12/8-napada-na-platforme-za-kriptovalute-u-poslednjih-pola-godine/index.html]
[www.secitsecurity.com/blog/2017/12/kako-hakeri-mogu-zloupotrebiti-vas-racunar-za-rudarenje-kriptovaluta/index.html]
[www.secitsecurity.com/blog/2017/12/chrome-od-sada-moze-da-izoluje-sajt/index.html]
[www.secitsecurity.com/blog/2017/11/vaznost-donosenja-akta-o-bezbednosti-ikt-sistema/index.html]
[www.secitsecurity.com/blog/2017/11/kako-sigurno-upravljati-nalozima-i-lozinkama/index.html]
[www.secitsecurity.com/blog/2017/11/zasto-je-vazno-vrsiti-obuku-zaposlenih/index.html]
[www.secitsecurity.com/blog/2017/10/socijalni-inzenjering-na-drustvenim-mrezama/index.html]
[www.secitsecurity.com/blog/2017/10/kako-zastiti-podatke-u-slucaju-da-izgubite-ili-vam-ukradu-mobilni-uredjaj/index.html]
[www.secitsecurity.com/blog/2017/10/na-koji-nacin-se-sve-mogu-pratiti-zaposleni/index.html]
[www.secitsecurity.com/blog/2017/10/ko-su-eticki-hakeri-ili-beli-sesiri/index.html]
[www.secitsecurity.com/blog/2017/10/medjunarodna-konferencija-o-bezbednosti-informacija-bisec-2017/index.html]
[www.secitsecurity.com/blog/2017/09/moja-misija-sirenje-znanja/index.html]
[www.secitsecurity.com/blog/2017/09/bezbedna-kancelarija-u-oblaku/index.html]
[www.secitsecurity.com/blog/2017/09/botovi-i-njihov-uticaj-na-drustvenim-mrezama/index.html]
[www.secitsecurity.com/blog/2017/08/cuvanje-i-unistavanje-podataka/index.html]
[www.secitsecurity.com/blog/2017/08/kako-antivirus-proizvodi-mogu-ugroziti-privatnost/index.html]
[www.secitsecurity.com/blog/2017/08/kako-nas-spijuniraju-kroz-razlicite-aplikacije-i-uredjaje/index.html]
[www.secitsecurity.com/blog/2017/07/dilema-o-ugradnji-mikrocipova-u-telo-biohack/index.html]
[www.secitsecurity.com/blog/2017/07/veliki-brat-zvani-google-ili-facebook/index.html]
[www.secitsecurity.com/blog/2017/07/letovanje-i-drustvene-mreze/index.html]
[www.secitsecurity.com/blog/2017/07/koji-je-operativni-sistem-za-desktop-najsigurniji/index.html]
[www.secitsecurity.com/blog/2017/06/hakovanje-auotomobila/index.html]
[www.secitsecurity.com/blog/2017/06/ozloglasena-jeziva-igra-plavi-kit-ili-nesto-vise-od-toga/index.html]
[www.secitsecurity.com/blog/2017/06/bezbednost-mobilnih-uredjaja/index.html]
[www.secitsecurity.com/blog/2017/06/kako-ostati-bezbedan-na-hakerskoj-konferenciji/index.html]
[www.secitsecurity.com/blog/2017/05/izvestaj-sa-ict-security-2017-konferencije/index.html]
[www.secitsecurity.com/blog/2017/05/sistemi-za-detekciju-i-prevenciju-upada/index.html]
[www.secitsecurity.com/blog/2017/05/kako-obezbediti-kucnu-wi-fi-mrezu/index.html]
[www.secitsecurity.com/blog/2017/05/ko-su-stvarno-sajber-napadaci/index.html]
[www.secitsecurity.com/blog/2017/05/nova-sprava-za-spijuniranje-smart-televizor/index.html]
[www.secitsecurity.com/blog/2017/04/update-opasnost-i-izazov/index.html]
[www.secitsecurity.com/blog/2017/04/bezbednost-podataka-u-cloud-okruzenju/index.html]
[www.secitsecurity.com/blog/2017/04/kako-zastiti-svoj-webmail-nalog/index.html]
[www.secitsecurity.com/blog/2017/04/sta-je-u-stvari-digitalna-forenzika/index.html]
[www.secitsecurity.com/blog/2017/04/napast-zvana-ransomware/index.html]
[www.secitsecurity.com/blog/2017/04/za-i-protiv-koriscenja-password-menadzera/index.html]
[www.secitsecurity.com/blog/2017/03/opasnost-zvana-iot-2/index.html]
[www.secitsecurity.com/blog/2017/03/sta-je-darkweb-i-kako-se-koristi/index.html]
[www.secitsecurity.com/blog/2017/03/zabrana-unosenja-elektronskih-uredjaja-na-nekim-letovima-usa/index.html]
[www.secitsecurity.com/blog/2017/03/uticaj-ljudskog-faktora-na-bezbednost/index.html]
[www.secitsecurity.com/blog/2017/03/konferencija-e-razvoj-2017/index.html]
[www.secitsecurity.com/blog/2017/03/dobrodosli-na-moj-blog/index.html]
[www.secitsecurity.com/blog/2017/03/7-najcescih-gresaka-korisnika-cija-je-posledica-ugrozavanje-it-bezbednosti/index.html]
[www.secitsecurity.com/blog/2012/02/malver-za-kradju-goriva-na-pumpama/index.html]
[www.secitsecurity.com/indexd7c9.html]
[www.secitsecurity.com/kontakt/office@secitsecurity.html]
[www.secitsecurity.com/index8fee.html]
[www.secitsecurity.com/indexd027.html]
[www.secitsecurity.com/index5f0f.html]
[www.secitsecurity.com/indexc902.html]
[www.secitsecurity.com/index0133.html]
[www.secitsecurity.com/index3dc6.html]
[www.secitsecurity.com/indexead8.html]
[www.secitsecurity.com/index2207.html]
[www.secitsecurity.com/xmlrpc.php]
[www.secitsecurity.com/index51fe.html]
